debug 2025/07/24 14:39:30 could not load config.lua: config.lua:106: attempt to index a non-table object(nil) with key 'register_panel'
stack traceback:
	config.lua:106: in main chunk
	[G]: ?. Using defaults.
debug 2025/07/24 14:40:32 could not load config.lua: config.lua:106: attempt to index a non-table object(nil) with key 'register_panel'
stack traceback:
	config.lua:106: in main chunk
	[G]: ?. Using defaults.
debug 2025/07/24 14:49:26 could not load config.lua: config.lua:106: attempt to index a non-table object(nil) with key 'register_panel'
stack traceback:
	config.lua:106: in main chunk
	[G]: ?. Using defaults.
debug 2025/07/24 14:57:05 could not load config.lua: config.lua:106: attempt to index a non-table object(nil) with key 'register_panel'
stack traceback:
	config.lua:106: in main chunk
	[G]: ?. Using defaults.
debug 2025/07/24 14:57:34 could not load config.lua: config.lua:106: attempt to index a non-table object(nil) with key 'register_panel'
stack traceback:
	config.lua:106: in main chunk
	[G]: ?. Using defaults.
debug 2025/07/24 14:57:47 could not load config.lua: config.lua:106: attempt to index a non-table object(nil) with key 'register_panel'
stack traceback:
	config.lua:106: in main chunk
	[G]: ?. Using defaults.
debug 2025/07/24 21:10:27 could not load config.lua: config.lua:106: attempt to index a non-table object(nil) with key 'register_panel'
stack traceback:
	config.lua:106: in main chunk
	[G]: ?. Using defaults.
debug 2025/07/24 21:12:02 could not load config.lua: config.lua:106: attempt to index a non-table object(nil) with key 'register_panel'
stack traceback:
	config.lua:106: in main chunk
	[G]: ?. Using defaults.
debug 2025/07/25 15:18:34 could not load config.lua: config.lua:106: attempt to index a non-table object(nil) with key 'register_panel'
stack traceback:
	config.lua:106: in main chunk
	[G]: ?. Using defaults.
debug 2025/07/25 15:31:41 could not load config.lua: config.lua:106: attempt to index a non-table object(nil) with key 'register_panel'
stack traceback:
	config.lua:106: in main chunk
	[G]: ?. Using defaults.
debug 2025/07/25 15:31:55 could not load config.lua: config.lua:106: attempt to index a non-table object(nil) with key 'register_panel'
stack traceback:
	config.lua:106: in main chunk
	[G]: ?. Using defaults.
debug 2025/07/25 15:36:46 could not load config.lua: config.lua:106: attempt to index a non-table object(nil) with key 'register_panel'
stack traceback:
	config.lua:106: in main chunk
	[G]: ?. Using defaults.
debug 2025/07/25 15:40:17 could not load config.lua: config.lua:106: attempt to index a non-table object(nil) with key 'register_panel'
stack traceback:
	config.lua:106: in main chunk
	[G]: ?. Using defaults.
debug 2025/07/25 15:40:43 could not load config.lua: config.lua:106: attempt to index a non-table object(nil) with key 'register_panel'
stack traceback:
	config.lua:106: in main chunk
	[G]: ?. Using defaults.
debug 2025/07/25 15:51:26 could not load config.lua: config.lua:106: attempt to index a non-table object(nil) with key 'register_panel'
stack traceback:
	config.lua:106: in main chunk
	[G]: ?. Using defaults.
debug 2025/07/25 15:51:46 could not load config.lua: config.lua:106: attempt to index a non-table object(nil) with key 'register_panel'
stack traceback:
	config.lua:106: in main chunk
	[G]: ?. Using defaults.
debug 2025/07/25 15:52:45 could not load config.lua: config.lua:106: attempt to index a non-table object(nil) with key 'register_panel'
stack traceback:
	config.lua:106: in main chunk
	[G]: ?. Using defaults.
debug 2025/07/25 15:53:01 could not load config.lua: config.lua:106: attempt to index a non-table object(nil) with key 'register_panel'
stack traceback:
	config.lua:106: in main chunk
	[G]: ?. Using defaults.
debug 2025/07/25 15:53:35 could not load config.lua: config.lua:106: attempt to index a non-table object(nil) with key 'register_panel'
stack traceback:
	config.lua:106: in main chunk
	[G]: ?. Using defaults.
debug 2025/07/25 15:55:08 could not load config.lua: config.lua:106: attempt to index a non-table object(nil) with key 'register_panel'
stack traceback:
	config.lua:106: in main chunk
	[G]: ?. Using defaults.
debug 2025/07/25 15:55:42 could not load config.lua: config.lua:106: attempt to index a non-table object(nil) with key 'register_panel'
stack traceback:
	config.lua:106: in main chunk
	[G]: ?. Using defaults.
debug 2025/07/25 15:56:31 could not load config.lua: config.lua:106: attempt to index a non-table object(nil) with key 'register_panel'
stack traceback:
	config.lua:106: in main chunk
	[G]: ?. Using defaults.
debug 2025/07/25 15:57:15 could not load config.lua: config.lua:106: attempt to index a non-table object(nil) with key 'register_panel'
stack traceback:
	config.lua:106: in main chunk
	[G]: ?. Using defaults.
debug 2025/07/25 15:59:18 could not load config.lua: config.lua:106: attempt to index a non-table object(nil) with key 'register_panel'
stack traceback:
	config.lua:106: in main chunk
	[G]: ?. Using defaults.
debug 2025/07/25 15:59:30 could not load config.lua: config.lua:106: attempt to index a non-table object(nil) with key 'register_panel'
stack traceback:
	config.lua:106: in main chunk
	[G]: ?. Using defaults.
debug 2025/07/25 16:02:34 could not load config.lua: config.lua:106: attempt to index a non-table object(nil) with key 'register_panel'
stack traceback:
	config.lua:106: in main chunk
	[G]: ?. Using defaults.
debug 2025/07/25 16:03:48 could not load config.lua: config.lua:106: attempt to index a non-table object(nil) with key 'register_panel'
stack traceback:
	config.lua:106: in main chunk
	[G]: ?. Using defaults.
debug 2025/07/25 16:08:09 could not load config.lua: config.lua:106: attempt to index a non-table object(nil) with key 'register_panel'
stack traceback:
	config.lua:106: in main chunk
	[G]: ?. Using defaults.
debug 2025/07/25 16:09:26 could not load config.lua: config.lua:106: attempt to index a non-table object(nil) with key 'register_panel'
stack traceback:
	config.lua:106: in main chunk
	[G]: ?. Using defaults.
debug 2025/07/25 16:09:40 could not load config.lua: config.lua:106: attempt to index a non-table object(nil) with key 'register_panel'
stack traceback:
	config.lua:106: in main chunk
	[G]: ?. Using defaults.
debug 2025/07/25 16:09:50 could not load config.lua: config.lua:106: attempt to index a non-table object(nil) with key 'register_panel'
stack traceback:
	config.lua:106: in main chunk
	[G]: ?. Using defaults.
debug 2025/07/25 16:11:25 could not load config.lua: config.lua:106: attempt to index a non-table object(nil) with key 'register_panel'
stack traceback:
	config.lua:106: in main chunk
	[G]: ?. Using defaults.
debug 2025/07/25 16:12:00 could not load config.lua: config.lua:106: attempt to index a non-table object(nil) with key 'register_panel'
stack traceback:
	config.lua:106: in main chunk
	[G]: ?. Using defaults.
debug 2025/07/25 16:12:17 could not load config.lua: config.lua:106: attempt to index a non-table object(nil) with key 'register_panel'
stack traceback:
	config.lua:106: in main chunk
	[G]: ?. Using defaults.
debug 2025/07/25 16:12:53 could not load config.lua: config.lua:106: attempt to index a non-table object(nil) with key 'register_panel'
stack traceback:
	config.lua:106: in main chunk
	[G]: ?. Using defaults.
debug 2025/07/25 18:53:49 could not load config.lua: config.lua:106: attempt to index a non-table object(nil) with key 'register_panel'
stack traceback:
	config.lua:106: in main chunk
	[G]: ?. Using defaults.
debug 2025/07/25 21:04:46 could not load config.lua: config.lua:106: attempt to index a non-table object(nil) with key 'register_panel'
stack traceback:
	config.lua:106: in main chunk
	[G]: ?. Using defaults.
debug 2025/07/25 21:05:05 could not load config.lua: config.lua:106: attempt to index a non-table object(nil) with key 'register_panel'
stack traceback:
	config.lua:106: in main chunk
	[G]: ?. Using defaults.
debug 2025/07/25 21:06:27 could not load config.lua: config.lua:106: attempt to index a non-table object(nil) with key 'register_panel'
stack traceback:
	config.lua:106: in main chunk
	[G]: ?. Using defaults.
debug 2025/07/25 21:06:52 could not load config.lua: config.lua:106: attempt to index a non-table object(nil) with key 'register_panel'
stack traceback:
	config.lua:106: in main chunk
	[G]: ?. Using defaults.
debug 2025/07/25 21:07:14 could not load config.lua: config.lua:106: attempt to index a non-table object(nil) with key 'register_panel'
stack traceback:
	config.lua:106: in main chunk
	[G]: ?. Using defaults.
debug 2025/07/25 21:07:51 could not load config.lua: config.lua:106: attempt to index a non-table object(nil) with key 'register_panel'
stack traceback:
	config.lua:106: in main chunk
	[G]: ?. Using defaults.
debug 2025/07/25 21:09:15 could not load config.lua: config.lua:106: attempt to index a non-table object(nil) with key 'register_panel'
stack traceback:
	config.lua:106: in main chunk
	[G]: ?. Using defaults.
debug 2025/07/25 21:09:34 could not load config.lua: config.lua:106: attempt to index a non-table object(nil) with key 'register_panel'
stack traceback:
	config.lua:106: in main chunk
	[G]: ?. Using defaults.
debug 2025/07/25 21:09:46 could not load config.lua: config.lua:106: attempt to index a non-table object(nil) with key 'register_panel'
stack traceback:
	config.lua:106: in main chunk
	[G]: ?. Using defaults.
debug 2025/07/25 21:10:09 could not load config.lua: config.lua:106: attempt to index a non-table object(nil) with key 'register_panel'
stack traceback:
	config.lua:106: in main chunk
	[G]: ?. Using defaults.
debug 2025/07/25 21:10:28 could not load config.lua: config.lua:106: attempt to index a non-table object(nil) with key 'register_panel'
stack traceback:
	config.lua:106: in main chunk
	[G]: ?. Using defaults.
debug 2025/07/25 21:11:07 could not load config.lua: config.lua:106: attempt to index a non-table object(nil) with key 'register_panel'
stack traceback:
	config.lua:106: in main chunk
	[G]: ?. Using defaults.
debug 2025/07/25 21:12:52 could not load config.lua: config.lua:106: attempt to index a non-table object(nil) with key 'register_panel'
stack traceback:
	config.lua:106: in main chunk
	[G]: ?. Using defaults.
debug 2025/07/25 21:13:38 could not load config.lua: config.lua:106: attempt to index a non-table object(nil) with key 'register_panel'
stack traceback:
	config.lua:106: in main chunk
	[G]: ?. Using defaults.
debug 2025/07/25 21:26:27 could not load config.lua: config.lua:106: attempt to index a non-table object(nil) with key 'register_panel'
stack traceback:
	config.lua:106: in main chunk
	[G]: ?. Using defaults.
debug 2025/07/25 21:26:31 could not load config.lua: config.lua:106: attempt to index a non-table object(nil) with key 'register_panel'
stack traceback:
	config.lua:106: in main chunk
	[G]: ?. Using defaults.
debug 2025/07/25 21:31:30 could not load config.lua: config.lua:106: attempt to index a non-table object(nil) with key 'register_panel'
stack traceback:
	config.lua:106: in main chunk
	[G]: ?. Using defaults.
debug 2025/07/25 21:32:53 could not load config.lua: config.lua:106: attempt to index a non-table object(nil) with key 'register_panel'
stack traceback:
	config.lua:106: in main chunk
	[G]: ?. Using defaults.
debug 2025/07/25 21:38:54 could not load config.lua: config.lua:106: attempt to index a non-table object(nil) with key 'register_panel'
stack traceback:
	config.lua:106: in main chunk
	[G]: ?. Using defaults.
debug 2025/07/25 21:39:14 could not load config.lua: config.lua:106: attempt to index a non-table object(nil) with key 'register_panel'
stack traceback:
	config.lua:106: in main chunk
	[G]: ?. Using defaults.
debug 2025/07/25 21:43:00 could not load config.lua: config.lua:106: attempt to index a non-table object(nil) with key 'register_panel'
stack traceback:
	config.lua:106: in main chunk
	[G]: ?. Using defaults.
debug 2025/07/25 21:43:09 could not load config.lua: config.lua:106: attempt to index a non-table object(nil) with key 'register_panel'
stack traceback:
	config.lua:106: in main chunk
	[G]: ?. Using defaults.
debug 2025/07/25 21:43:48 could not load config.lua: config.lua:106: attempt to index a non-table object(nil) with key 'register_panel'
stack traceback:
	config.lua:106: in main chunk
	[G]: ?. Using defaults.
debug 2025/07/25 21:44:01 could not load config.lua: config.lua:106: attempt to index a non-table object(nil) with key 'register_panel'
stack traceback:
	config.lua:106: in main chunk
	[G]: ?. Using defaults.
debug 2025/07/25 21:49:53 could not load config.lua: config.lua:106: attempt to index a non-table object(nil) with key 'register_panel'
stack traceback:
	config.lua:106: in main chunk
	[G]: ?. Using defaults.
debug 2025/07/25 21:52:45 Error running program: could not open a new TTY: open /dev/tty: no such device or address
debug 2025/07/25 21:52:47 Error running program: could not open a new TTY: open /dev/tty: no such device or address
debug 2025/08/04 10:37:08 could not load config.lua: config.lua:106: attempt to index a non-table object(nil) with key 'register_panel'
stack traceback:
	config.lua:106: in main chunk
	[G]: ?. Using defaults.
debug 2025/08/08 22:41:10 could not load config.lua: config.lua:107: attempt to index a non-table object(nil) with key 'register_panel'
stack traceback:
	config.lua:107: in main chunk
	[G]: ?. Using defaults.
debug 2025/08/08 22:42:25 could not load config.lua: config.lua:107: attempt to index a non-table object(nil) with key 'register_panel'
stack traceback:
	config.lua:107: in main chunk
	[G]: ?. Using defaults.
debug 2025/08/08 22:42:49 could not load config.lua: config.lua:107: attempt to index a non-table object(nil) with key 'register_panel'
stack traceback:
	config.lua:107: in main chunk
	[G]: ?. Using defaults.
debug 2025/08/08 22:43:34 could not load config.lua: config.lua:107: attempt to index a non-table object(nil) with key 'register_panel'
stack traceback:
	config.lua:107: in main chunk
	[G]: ?. Using defaults.
debug 2025/08/08 22:43:56 could not load config.lua: config.lua:107: attempt to index a non-table object(nil) with key 'register_panel'
stack traceback:
	config.lua:107: in main chunk
	[G]: ?. Using defaults.
debug 2026/04/03 10:05:00 Error running program: program was killed: program experienced a panic
debug 2026/04/03 10:05:39 Error running program: program was killed: program experienced a panic
debug 2026/04/03 10:06:51 Error running program: program was killed: program experienced a panic
debug 2026/04/03 10:09:08 Error running program: program was killed: program experienced a panic
debug 2026/04/03 10:10:18 Error running program: program was killed: program experienced a panic
debug 2026/04/03 10:10:37 Error running program: program was killed: program experienced a panic
debug 2026/04/03 10:38:02 Error running program: program was killed: program experienced a panic
debug 2026/04/03 10:44:45 Error running program: program was killed: program experienced a panic
debug 2026/04/03 10:45:02 Error running program: program was killed: program experienced a panic
debug 2026/04/03 10:54:54 Error running program: program was killed: program experienced a panic
debug 2026/04/03 10:56:21 Error running program: program was killed: program experienced a panic
debug 2026/04/03 10:57:10 Error running program: program was killed: program experienced a panic
debug 2026/04/03 10:57:45 Error running program: program was killed: program experienced a panic
debug 2026/04/03 10:59:45 Error running program: program was killed: program experienced a panic
